[TestLexerSnapshot/callable.sapi - 1]
[]lexer.Token{
    {Type:"Keyword", Literal:"callable", Line:1, Col:9},
    {Type:"Ident", Literal:"http.get", Line:1, Col:18},
    {Type:"Path", Literal:"/healthz", Line:1, Col:27},
    {Type:"LBrace", Literal:"{", Line:2, Col:0},
    {Type:"RBrace", Literal:"}", Line:2, Col:2},
}
---

[TestLexerSnapshot/full.sapi - 1]
[]lexer.Token{
    {Type:"Keyword", Literal:"callable", Line:1, Col:9},
    {Type:"Ident", Literal:"http.get", Line:1, Col:18},
    {Type:"Path", Literal:"/healthz", Line:1, Col:27},
    {Type:"LBrace", Literal:"{", Line:2, Col:0},
    {Type:"Ident", Literal:"query", Line:2, Col:8},
    {Type:"Ident", Literal:"string", Line:2, Col:15},
    {Type:"Ident", Literal:"name", Line:2, Col:20},
    {Type:"LBrace", Literal:"{", Line:3, Col:0},
    {Type:"Ident", Literal:"description", Line:3, Col:16},
    {Type:"Equal", Literal:"=", Line:3, Col:18},
    {Type:"String", Literal:"Name of the service to check health for", Line:4, Col:0},
    {Type:"Ident", Literal:"default", Line:4, Col:12},
    {Type:"Equal", Literal:"=", Line:4, Col:14},
    {Type:"String", Literal:"default-service", Line:5, Col:0},
    {Type:"RBrace", Literal:"}", Line:6, Col:0},
    {Type:"Ident", Literal:"response", Line:7, Col:11},
    {Type:"String", Literal:"OK", Line:7, Col:16},
    {Type:"LBrace", Literal:"{", Line:8, Col:0},
    {Type:"Ident", Literal:"status", Line:8, Col:8},
    {Type:"Equal", Literal:"=", Line:8, Col:10},
    {Type:"Number", Literal:"200", Line:9, Col:0},
    {Type:"Ident", Literal:"body", Line:9, Col:6},
    {Type:"Equal", Literal:"=", Line:9, Col:8},
    {Type:"LBrace", Literal:"{", Line:10, Col:0},
    {Type:"Ident", Literal:"message", Line:10, Col:11},
    {Type:"Equal", Literal:"=", Line:10, Col:13},
    {Type:"String", Literal:"Service {name} is healthy", Line:11, Col:0},
    {Type:"RBrace", Literal:"}", Line:12, Col:0},
    {Type:"RBrace", Literal:"}", Line:13, Col:0},
    {Type:"Ident", Literal:"response", Line:14, Col:11},
    {Type:"String", Literal:"Service Not Found", Line:14, Col:31},
    {Type:"LBrace", Literal:"{", Line:15, Col:0},
    {Type:"Ident", Literal:"status", Line:15, Col:10},
    {Type:"Equal", Literal:"=", Line:15, Col:12},
    {Type:"Number", Literal:"404", Line:16, Col:0},
    {Type:"Ident", Literal:"body", Line:16, Col:8},
    {Type:"Equal", Literal:"=", Line:16, Col:10},
    {Type:"LBrace", Literal:"{", Line:17, Col:0},
    {Type:"Ident", Literal:"message", Line:17, Col:13},
    {Type:"Equal", Literal:"=", Line:17, Col:15},
    {Type:"String", Literal:"Service {name} not found", Line:18, Col:0},
    {Type:"RBrace", Literal:"}", Line:19, Col:0},
    {Type:"RBrace", Literal:"}", Line:20, Col:0},
    {Type:"Ident", Literal:"response", Line:21, Col:11},
    {Type:"String", Literal:"Internal Server Error", Line:21, Col:35},
    {Type:"LBrace", Literal:"{", Line:22, Col:0},
    {Type:"Ident", Literal:"status", Line:22, Col:8},
    {Type:"Colon", Literal:":", Line:22, Col:9},
    {Type:"Number", Literal:"500", Line:23, Col:0},
    {Type:"Ident", Literal:"body", Line:23, Col:6},
    {Type:"Equal", Literal:"=", Line:23, Col:8},
    {Type:"LBrace", Literal:"{", Line:24, Col:0},
    {Type:"Ident", Literal:"message", Line:24, Col:11},
    {Type:"Colon", Literal:":", Line:24, Col:12},
    {Type:"String", Literal:"An unexpected error occurred", Line:25, Col:0},
    {Type:"RBrace", Literal:"}", Line:26, Col:0},
    {Type:"RBrace", Literal:"}", Line:27, Col:0},
    {Type:"RBrace", Literal:"}", Line:27, Col:2},
}
---
